``she ran up to me and asked `where's your bag?'. i didn't answer and got shot'' mark said.
